// Jest Snapshot v1, https://goo.gl/fbAQLP

exports[`integ snapshot validation 1`] = `
Object {
  "Parameters": Object {
    "SsmParameterValueawsserviceamiamazonlinuxlatestamzn2amihvmx8664gp2C96584B6F00A464EAD1953AFF4B05118Parameter": Object {
      "Default": "/aws/service/ami-amazon-linux-latest/amzn2-ami-hvm-x86_64-gp2",
      "Type": "AWS::SSM::Parameter::Value<AWS::EC2::Image::Id>",
    },
    "SsmParameterValueawsserviceamiamazonlinuxlatestamznamihvmx8664gp2C96584B6F00A464EAD1953AFF4B05118Parameter": Object {
      "Default": "/aws/service/ami-amazon-linux-latest/amzn-ami-hvm-x86_64-gp2",
      "Type": "AWS::SSM::Parameter::Value<AWS::EC2::Image::Id>",
    },
  },
  "Resources": Object {
    "ProviderFleetRoleCE8E9F00": Object {
      "Properties": Object {
        "AssumeRolePolicyDocument": Object {
          "Statement": Array [
            Object {
              "Action": "sts:AssumeRole",
              "Effect": "Allow",
              "Principal": Object {
                "Service": "spotfleet.amazonaws.com",
              },
            },
          ],
          "Version": "2012-10-17",
        },
        "ManagedPolicyArns": Array [
          Object {
            "Fn::Join": Array [
              "",
              Array [
                "arn:",
                Object {
                  "Ref": "AWS::Partition",
                },
                ":iam::aws:policy/service-role/AmazonEC2SpotFleetTaggingRole",
              ],
            ],
          },
        ],
      },
      "Type": "AWS::IAM::Role",
    },
    "ProviderInstanceProfileDefaultInstanceProfile32ECC425": Object {
      "Properties": Object {
        "Roles": Array [
          Object {
            "Ref": "ProviderRoleDefaultInstanceProfileFC36CD5D",
          },
        ],
      },
      "Type": "AWS::IAM::InstanceProfile",
    },
    "ProviderLaunchTemplateSpotASGD05EE9FF": Object {
      "Properties": Object {
        "LaunchTemplateData": Object {
          "IamInstanceProfile": Object {
            "Arn": Object {
              "Fn::GetAtt": Array [
                "ProviderSpotASGInstanceProfileC6F2BBCE",
                "Arn",
              ],
            },
          },
          "ImageId": Object {
            "Ref": "SsmParameterValueawsserviceamiamazonlinuxlatestamzn2amihvmx8664gp2C96584B6F00A464EAD1953AFF4B05118Parameter",
          },
          "InstanceMarketOptions": Object {
            "MarketType": "spot",
            "SpotOptions": Object {},
          },
          "InstanceType": "m5.large",
          "TagSpecifications": Array [
            Object {
              "ResourceType": "instance",
              "Tags": Array [
                Object {
                  "Key": "Name",
                  "Value": "integ-stack/Provider/LaunchTemplateSpotASG",
                },
              ],
            },
          ],
        },
      },
      "Type": "AWS::EC2::LaunchTemplate",
    },
    "ProviderRoleDefaultInstanceProfileFC36CD5D": Object {
      "Properties": Object {
        "AssumeRolePolicyDocument": Object {
          "Statement": Array [
            Object {
              "Action": "sts:AssumeRole",
              "Effect": "Allow",
              "Principal": Object {
                "Service": "ec2.amazonaws.com",
              },
            },
          ],
          "Version": "2012-10-17",
        },
      },
      "Type": "AWS::IAM::Role",
    },
    "ProviderSpotASG0BC8F946": Object {
      "Properties": Object {
        "LaunchTemplate": Object {
          "LaunchTemplateId": Object {
            "Ref": "ProviderLaunchTemplateSpotASGD05EE9FF",
          },
          "Version": Object {
            "Fn::GetAtt": Array [
              "ProviderLaunchTemplateSpotASGD05EE9FF",
              "LatestVersionNumber",
            ],
          },
        },
        "MaxSize": "2",
        "MinSize": "2",
        "Tags": Array [
          Object {
            "Key": "Name",
            "PropagateAtLaunch": true,
            "Value": "integ-stack/Provider/SpotASG",
          },
        ],
        "VPCZoneIdentifier": Array [
          Object {
            "Ref": "VpcPrivateSubnet1Subnet536B997A",
          },
          Object {
            "Ref": "VpcPrivateSubnet2Subnet3788AAA1",
          },
          Object {
            "Ref": "VpcPrivateSubnet3SubnetF258B56E",
          },
        ],
      },
      "Type": "AWS::AutoScaling::AutoScalingGroup",
      "UpdatePolicy": Object {
        "AutoScalingReplacingUpdate": Object {
          "WillReplace": true,
        },
        "AutoScalingScheduledAction": Object {
          "IgnoreUnmodifiedGroupSizeProperties": true,
        },
      },
    },
    "ProviderSpotASGInstanceProfileC6F2BBCE": Object {
      "Properties": Object {
        "Roles": Array [
          Object {
            "Ref": "ProviderSpotASGInstanceRole5DB92FDF",
          },
        ],
      },
      "Type": "AWS::IAM::InstanceProfile",
    },
    "ProviderSpotASGInstanceRole5DB92FDF": Object {
      "Properties": Object {
        "AssumeRolePolicyDocument": Object {
          "Statement": Array [
            Object {
              "Action": "sts:AssumeRole",
              "Effect": "Allow",
              "Principal": Object {
                "Service": "ec2.amazonaws.com",
              },
            },
          ],
          "Version": "2012-10-17",
        },
        "ManagedPolicyArns": Array [
          Object {
            "Fn::Join": Array [
              "",
              Array [
                "arn:",
                Object {
                  "Ref": "AWS::Partition",
                },
                ":iam::aws:policy/AmazonSSMManagedInstanceCore",
              ],
            ],
          },
        ],
        "Tags": Array [
          Object {
            "Key": "Name",
            "Value": "integ-stack/Provider/SpotASG",
          },
        ],
      },
      "Type": "AWS::IAM::Role",
    },
    "ProviderSpotASGInstanceSecurityGroup743BE00A": Object {
      "Properties": Object {
        "GroupDescription": "integ-stack/Provider/SpotASG/InstanceSecurityGroup",
        "SecurityGroupEgress": Array [
          Object {
            "CidrIp": "0.0.0.0/0",
            "Description": "Allow all outbound traffic by default",
            "IpProtocol": "-1",
          },
        ],
        "Tags": Array [
          Object {
            "Key": "Name",
            "Value": "integ-stack/Provider/SpotASG",
          },
        ],
        "VpcId": Object {
          "Ref": "Vpc8378EB38",
        },
      },
      "Type": "AWS::EC2::SecurityGroup",
    },
    "ProviderSpotASGLaunchConfigA71E59B8": Object {
      "DependsOn": Array [
        "ProviderSpotASGInstanceRole5DB92FDF",
      ],
      "Properties": Object {
        "IamInstanceProfile": Object {
          "Ref": "ProviderSpotASGInstanceProfileC6F2BBCE",
        },
        "ImageId": Object {
          "Ref": "SsmParameterValueawsserviceamiamazonlinuxlatestamznamihvmx8664gp2C96584B6F00A464EAD1953AFF4B05118Parameter",
        },
        "InstanceType": "t3.large",
        "SecurityGroups": Array [
          Object {
            "Fn::GetAtt": Array [
              "ProviderSpotASGInstanceSecurityGroup743BE00A",
              "GroupId",
            ],
          },
        ],
        "UserData": Object {
          "Fn::Base64": "#!/bin/bash",
        },
      },
      "Type": "AWS::AutoScaling::LaunchConfiguration",
    },
    "ProviderSpotFleetE76488C7": Object {
      "Properties": Object {
        "LaunchTemplateData": Object {
          "IamInstanceProfile": Object {
            "Arn": Object {
              "Fn::GetAtt": Array [
                "ProviderInstanceProfileDefaultInstanceProfile32ECC425",
                "Arn",
              ],
            },
          },
          "ImageId": Object {
            "Ref": "SsmParameterValueawsserviceamiamazonlinuxlatestamzn2amihvmx8664gp2C96584B6F00A464EAD1953AFF4B05118Parameter",
          },
          "InstanceMarketOptions": Object {
            "MarketType": "spot",
            "SpotOptions": Object {},
          },
          "InstanceType": "t3.large",
          "TagSpecifications": Array [
            Object {
              "ResourceType": "instance",
              "Tags": Array [
                Object {
                  "Key": "Name",
                  "Value": "integ-stack/Provider/SpotFleet",
                },
              ],
            },
          ],
        },
      },
      "Type": "AWS::EC2::LaunchTemplate",
    },
    "ProviderSpotFleetResource0D1CD211": Object {
      "Properties": Object {
        "SpotFleetRequestConfigData": Object {
          "IamFleetRole": Object {
            "Fn::GetAtt": Array [
              "ProviderFleetRoleCE8E9F00",
              "Arn",
            ],
          },
          "LaunchTemplateConfigs": Array [
            Object {
              "LaunchTemplateSpecification": Object {
                "LaunchTemplateId": Object {
                  "Ref": "ProviderSpotFleetE76488C7",
                },
                "Version": Object {
                  "Fn::GetAtt": Array [
                    "ProviderSpotFleetE76488C7",
                    "LatestVersionNumber",
                  ],
                },
              },
              "Overrides": Array [
                Object {
                  "SubnetId": Object {
                    "Ref": "VpcPrivateSubnet1Subnet536B997A",
                  },
                },
                Object {
                  "SubnetId": Object {
                    "Ref": "VpcPrivateSubnet2Subnet3788AAA1",
                  },
                },
                Object {
                  "SubnetId": Object {
                    "Ref": "VpcPrivateSubnet3SubnetF258B56E",
                  },
                },
              ],
            },
          ],
          "TargetCapacity": 2,
          "TerminateInstancesWithExpiration": true,
        },
      },
      "Type": "AWS::EC2::SpotFleet",
    },
    "Vpc8378EB38": Object {
      "Properties": Object {
        "CidrBlock": "10.0.0.0/16",
        "EnableDnsHostnames": true,
        "EnableDnsSupport": true,
        "InstanceTenancy": "default",
        "Tags": Array [
          Object {
            "Key": "Name",
            "Value": "integ-stack/Vpc",
          },
        ],
      },
      "Type": "AWS::EC2::VPC",
    },
    "VpcIGWD7BA715C": Object {
      "Properties": Object {
        "Tags": Array [
          Object {
            "Key": "Name",
            "Value": "integ-stack/Vpc",
          },
        ],
      },
      "Type": "AWS::EC2::InternetGateway",
    },
    "VpcPrivateSubnet1DefaultRouteBE02A9ED": Object {
      "Properties": Object {
        "DestinationCidrBlock": "0.0.0.0/0",
        "NatGatewayId": Object {
          "Ref": "VpcPublicSubnet1NATGateway4D7517AA",
        },
        "RouteTableId": Object {
          "Ref": "VpcPrivateSubnet1RouteTableB2C5B500",
        },
      },
      "Type": "AWS::EC2::Route",
    },
    "VpcPrivateSubnet1RouteTableAssociation70C59FA6": Object {
      "Properties": Object {
        "RouteTableId": Object {
          "Ref": "VpcPrivateSubnet1RouteTableB2C5B500",
        },
        "SubnetId": Object {
          "Ref": "VpcPrivateSubnet1Subnet536B997A",
        },
      },
      "Type": "AWS::EC2::SubnetRouteTableAssociation",
    },
    "VpcPrivateSubnet1RouteTableB2C5B500": Object {
      "Properties": Object {
        "Tags": Array [
          Object {
            "Key": "Name",
            "Value": "integ-stack/Vpc/PrivateSubnet1",
          },
        ],
        "VpcId": Object {
          "Ref": "Vpc8378EB38",
        },
      },
      "Type": "AWS::EC2::RouteTable",
    },
    "VpcPrivateSubnet1Subnet536B997A": Object {
      "Properties": Object {
        "AvailabilityZone": "dummy1a",
        "CidrBlock": "10.0.96.0/19",
        "MapPublicIpOnLaunch": false,
        "Tags": Array [
          Object {
            "Key": "aws-cdk:subnet-name",
            "Value": "Private",
          },
          Object {
            "Key": "aws-cdk:subnet-type",
            "Value": "Private",
          },
          Object {
            "Key": "Name",
            "Value": "integ-stack/Vpc/PrivateSubnet1",
          },
        ],
        "VpcId": Object {
          "Ref": "Vpc8378EB38",
        },
      },
      "Type": "AWS::EC2::Subnet",
    },
    "VpcPrivateSubnet2DefaultRoute060D2087": Object {
      "Properties": Object {
        "DestinationCidrBlock": "0.0.0.0/0",
        "NatGatewayId": Object {
          "Ref": "VpcPublicSubnet1NATGateway4D7517AA",
        },
        "RouteTableId": Object {
          "Ref": "VpcPrivateSubnet2RouteTableA678073B",
        },
      },
      "Type": "AWS::EC2::Route",
    },
    "VpcPrivateSubnet2RouteTableA678073B": Object {
      "Properties": Object {
        "Tags": Array [
          Object {
            "Key": "Name",
            "Value": "integ-stack/Vpc/PrivateSubnet2",
          },
        ],
        "VpcId": Object {
          "Ref": "Vpc8378EB38",
        },
      },
      "Type": "AWS::EC2::RouteTable",
    },
    "VpcPrivateSubnet2RouteTableAssociationA89CAD56": Object {
      "Properties": Object {
        "RouteTableId": Object {
          "Ref": "VpcPrivateSubnet2RouteTableA678073B",
        },
        "SubnetId": Object {
          "Ref": "VpcPrivateSubnet2Subnet3788AAA1",
        },
      },
      "Type": "AWS::EC2::SubnetRouteTableAssociation",
    },
    "VpcPrivateSubnet2Subnet3788AAA1": Object {
      "Properties": Object {
        "AvailabilityZone": "dummy1b",
        "CidrBlock": "10.0.128.0/19",
        "MapPublicIpOnLaunch": false,
        "Tags": Array [
          Object {
            "Key": "aws-cdk:subnet-name",
            "Value": "Private",
          },
          Object {
            "Key": "aws-cdk:subnet-type",
            "Value": "Private",
          },
          Object {
            "Key": "Name",
            "Value": "integ-stack/Vpc/PrivateSubnet2",
          },
        ],
        "VpcId": Object {
          "Ref": "Vpc8378EB38",
        },
      },
      "Type": "AWS::EC2::Subnet",
    },
    "VpcPrivateSubnet3DefaultRoute94B74F0D": Object {
      "Properties": Object {
        "DestinationCidrBlock": "0.0.0.0/0",
        "NatGatewayId": Object {
          "Ref": "VpcPublicSubnet1NATGateway4D7517AA",
        },
        "RouteTableId": Object {
          "Ref": "VpcPrivateSubnet3RouteTableD98824C7",
        },
      },
      "Type": "AWS::EC2::Route",
    },
    "VpcPrivateSubnet3RouteTableAssociation16BDDC43": Object {
      "Properties": Object {
        "RouteTableId": Object {
          "Ref": "VpcPrivateSubnet3RouteTableD98824C7",
        },
        "SubnetId": Object {
          "Ref": "VpcPrivateSubnet3SubnetF258B56E",
        },
      },
      "Type": "AWS::EC2::SubnetRouteTableAssociation",
    },
    "VpcPrivateSubnet3RouteTableD98824C7": Object {
      "Properties": Object {
        "Tags": Array [
          Object {
            "Key": "Name",
            "Value": "integ-stack/Vpc/PrivateSubnet3",
          },
        ],
        "VpcId": Object {
          "Ref": "Vpc8378EB38",
        },
      },
      "Type": "AWS::EC2::RouteTable",
    },
    "VpcPrivateSubnet3SubnetF258B56E": Object {
      "Properties": Object {
        "AvailabilityZone": "dummy1c",
        "CidrBlock": "10.0.160.0/19",
        "MapPublicIpOnLaunch": false,
        "Tags": Array [
          Object {
            "Key": "aws-cdk:subnet-name",
            "Value": "Private",
          },
          Object {
            "Key": "aws-cdk:subnet-type",
            "Value": "Private",
          },
          Object {
            "Key": "Name",
            "Value": "integ-stack/Vpc/PrivateSubnet3",
          },
        ],
        "VpcId": Object {
          "Ref": "Vpc8378EB38",
        },
      },
      "Type": "AWS::EC2::Subnet",
    },
    "VpcPublicSubnet1DefaultRoute3DA9E72A": Object {
      "DependsOn": Array [
        "VpcVPCGWBF912B6E",
      ],
      "Properties": Object {
        "DestinationCidrBlock": "0.0.0.0/0",
        "GatewayId": Object {
          "Ref": "VpcIGWD7BA715C",
        },
        "RouteTableId": Object {
          "Ref": "VpcPublicSubnet1RouteTable6C95E38E",
        },
      },
      "Type": "AWS::EC2::Route",
    },
    "VpcPublicSubnet1EIPD7E02669": Object {
      "Properties": Object {
        "Domain": "vpc",
        "Tags": Array [
          Object {
            "Key": "Name",
            "Value": "integ-stack/Vpc/PublicSubnet1",
          },
        ],
      },
      "Type": "AWS::EC2::EIP",
    },
    "VpcPublicSubnet1NATGateway4D7517AA": Object {
      "Properties": Object {
        "AllocationId": Object {
          "Fn::GetAtt": Array [
            "VpcPublicSubnet1EIPD7E02669",
            "AllocationId",
          ],
        },
        "SubnetId": Object {
          "Ref": "VpcPublicSubnet1Subnet5C2D37C4",
        },
        "Tags": Array [
          Object {
            "Key": "Name",
            "Value": "integ-stack/Vpc/PublicSubnet1",
          },
        ],
      },
      "Type": "AWS::EC2::NatGateway",
    },
    "VpcPublicSubnet1RouteTable6C95E38E": Object {
      "Properties": Object {
        "Tags": Array [
          Object {
            "Key": "Name",
            "Value": "integ-stack/Vpc/PublicSubnet1",
          },
        ],
        "VpcId": Object {
          "Ref": "Vpc8378EB38",
        },
      },
      "Type": "AWS::EC2::RouteTable",
    },
    "VpcPublicSubnet1RouteTableAssociation97140677": Object {
      "Properties": Object {
        "RouteTableId": Object {
          "Ref": "VpcPublicSubnet1RouteTable6C95E38E",
        },
        "SubnetId": Object {
          "Ref": "VpcPublicSubnet1Subnet5C2D37C4",
        },
      },
      "Type": "AWS::EC2::SubnetRouteTableAssociation",
    },
    "VpcPublicSubnet1Subnet5C2D37C4": Object {
      "Properties": Object {
        "AvailabilityZone": "dummy1a",
        "CidrBlock": "10.0.0.0/19",
        "MapPublicIpOnLaunch": true,
        "Tags": Array [
          Object {
            "Key": "aws-cdk:subnet-name",
            "Value": "Public",
          },
          Object {
            "Key": "aws-cdk:subnet-type",
            "Value": "Public",
          },
          Object {
            "Key": "Name",
            "Value": "integ-stack/Vpc/PublicSubnet1",
          },
        ],
        "VpcId": Object {
          "Ref": "Vpc8378EB38",
        },
      },
      "Type": "AWS::EC2::Subnet",
    },
    "VpcPublicSubnet2DefaultRoute97F91067": Object {
      "DependsOn": Array [
        "VpcVPCGWBF912B6E",
      ],
      "Properties": Object {
        "DestinationCidrBlock": "0.0.0.0/0",
        "GatewayId": Object {
          "Ref": "VpcIGWD7BA715C",
        },
        "RouteTableId": Object {
          "Ref": "VpcPublicSubnet2RouteTable94F7E489",
        },
      },
      "Type": "AWS::EC2::Route",
    },
    "VpcPublicSubnet2RouteTable94F7E489": Object {
      "Properties": Object {
        "Tags": Array [
          Object {
            "Key": "Name",
            "Value": "integ-stack/Vpc/PublicSubnet2",
          },
        ],
        "VpcId": Object {
          "Ref": "Vpc8378EB38",
        },
      },
      "Type": "AWS::EC2::RouteTable",
    },
    "VpcPublicSubnet2RouteTableAssociationDD5762D8": Object {
      "Properties": Object {
        "RouteTableId": Object {
          "Ref": "VpcPublicSubnet2RouteTable94F7E489",
        },
        "SubnetId": Object {
          "Ref": "VpcPublicSubnet2Subnet691E08A3",
        },
      },
      "Type": "AWS::EC2::SubnetRouteTableAssociation",
    },
    "VpcPublicSubnet2Subnet691E08A3": Object {
      "Properties": Object {
        "AvailabilityZone": "dummy1b",
        "CidrBlock": "10.0.32.0/19",
        "MapPublicIpOnLaunch": true,
        "Tags": Array [
          Object {
            "Key": "aws-cdk:subnet-name",
            "Value": "Public",
          },
          Object {
            "Key": "aws-cdk:subnet-type",
            "Value": "Public",
          },
          Object {
            "Key": "Name",
            "Value": "integ-stack/Vpc/PublicSubnet2",
          },
        ],
        "VpcId": Object {
          "Ref": "Vpc8378EB38",
        },
      },
      "Type": "AWS::EC2::Subnet",
    },
    "VpcPublicSubnet3DefaultRoute4697774F": Object {
      "DependsOn": Array [
        "VpcVPCGWBF912B6E",
      ],
      "Properties": Object {
        "DestinationCidrBlock": "0.0.0.0/0",
        "GatewayId": Object {
          "Ref": "VpcIGWD7BA715C",
        },
        "RouteTableId": Object {
          "Ref": "VpcPublicSubnet3RouteTable93458DBB",
        },
      },
      "Type": "AWS::EC2::Route",
    },
    "VpcPublicSubnet3RouteTable93458DBB": Object {
      "Properties": Object {
        "Tags": Array [
          Object {
            "Key": "Name",
            "Value": "integ-stack/Vpc/PublicSubnet3",
          },
        ],
        "VpcId": Object {
          "Ref": "Vpc8378EB38",
        },
      },
      "Type": "AWS::EC2::RouteTable",
    },
    "VpcPublicSubnet3RouteTableAssociation1F1EDF02": Object {
      "Properties": Object {
        "RouteTableId": Object {
          "Ref": "VpcPublicSubnet3RouteTable93458DBB",
        },
        "SubnetId": Object {
          "Ref": "VpcPublicSubnet3SubnetBE12F0B6",
        },
      },
      "Type": "AWS::EC2::SubnetRouteTableAssociation",
    },
    "VpcPublicSubnet3SubnetBE12F0B6": Object {
      "Properties": Object {
        "AvailabilityZone": "dummy1c",
        "CidrBlock": "10.0.64.0/19",
        "MapPublicIpOnLaunch": true,
        "Tags": Array [
          Object {
            "Key": "aws-cdk:subnet-name",
            "Value": "Public",
          },
          Object {
            "Key": "aws-cdk:subnet-type",
            "Value": "Public",
          },
          Object {
            "Key": "Name",
            "Value": "integ-stack/Vpc/PublicSubnet3",
          },
        ],
        "VpcId": Object {
          "Ref": "Vpc8378EB38",
        },
      },
      "Type": "AWS::EC2::Subnet",
    },
    "VpcVPCGWBF912B6E": Object {
      "Properties": Object {
        "InternetGatewayId": Object {
          "Ref": "VpcIGWD7BA715C",
        },
        "VpcId": Object {
          "Ref": "Vpc8378EB38",
        },
      },
      "Type": "AWS::EC2::VPCGatewayAttachment",
    },
  },
}
`;
